Archive member included because of file (symbol)

c:/siliconlabs/simplicitystudio/v4/developer/toolchains/gnu_arm/4.9_2015q3/bin/../lib/gcc/arm-none-eabi/4.9.3/armv7-m\libgcc.a(_arm_addsubdf3.o)
                              ./src/bme280.o (__aeabi_dsub)
c:/siliconlabs/simplicitystudio/v4/developer/toolchains/gnu_arm/4.9_2015q3/bin/../lib/gcc/arm-none-eabi/4.9.3/armv7-m\libgcc.a(_arm_muldivdf3.o)
                              ./src/bme280.o (__aeabi_dmul)
c:/siliconlabs/simplicitystudio/v4/developer/toolchains/gnu_arm/4.9_2015q3/bin/../lib/gcc/arm-none-eabi/4.9.3/armv7-m\libgcc.a(_arm_cmpdf2.o)
                              ./src/bme280.o (__aeabi_dcmplt)
c:/siliconlabs/simplicitystudio/v4/developer/toolchains/gnu_arm/4.9_2015q3/bin/../lib/gcc/arm-none-eabi/4.9.3/armv7-m\libgcc.a(_arm_fixdfsi.o)
                              ./src/bme280.o (__aeabi_d2iz)
c:/siliconlabs/simplicitystudio/v4/developer/toolchains/gnu_arm/4.9_2015q3/bin/../lib/gcc/arm-none-eabi/4.9.3/armv7-m\libgcc.a(_arm_fixunsdfsi.o)
                              ./src/main.o (__aeabi_d2uiz)
c:/siliconlabs/simplicitystudio/v4/developer/toolchains/gnu_arm/4.9_2015q3/bin/../lib/gcc/arm-none-eabi/4.9.3/armv7-m\libgcc.a(_aeabi_ldivmod.o)
                              ./src/bme280.o (__aeabi_ldivmod)
c:/siliconlabs/simplicitystudio/v4/developer/toolchains/gnu_arm/4.9_2015q3/bin/../lib/gcc/arm-none-eabi/4.9.3/armv7-m\libgcc.a(_aeabi_uldivmod.o)
                              ./emlib/em_usart.o (__aeabi_uldivmod)
c:/siliconlabs/simplicitystudio/v4/developer/toolchains/gnu_arm/4.9_2015q3/bin/../lib/gcc/arm-none-eabi/4.9.3/armv7-m\libgcc.a(bpabi.o)
                              c:/siliconlabs/simplicitystudio/v4/developer/toolchains/gnu_arm/4.9_2015q3/bin/../lib/gcc/arm-none-eabi/4.9.3/armv7-m\libgcc.a(_aeabi_ldivmod.o) (__gnu_ldivmod_helper)
c:/siliconlabs/simplicitystudio/v4/developer/toolchains/gnu_arm/4.9_2015q3/bin/../lib/gcc/arm-none-eabi/4.9.3/armv7-m\libgcc.a(_dvmd_tls.o)
                              c:/siliconlabs/simplicitystudio/v4/developer/toolchains/gnu_arm/4.9_2015q3/bin/../lib/gcc/arm-none-eabi/4.9.3/armv7-m\libgcc.a(_aeabi_ldivmod.o) (__aeabi_ldiv0)
c:/siliconlabs/simplicitystudio/v4/developer/toolchains/gnu_arm/4.9_2015q3/bin/../lib/gcc/arm-none-eabi/4.9.3/armv7-m\libgcc.a(_divdi3.o)
                              c:/siliconlabs/simplicitystudio/v4/developer/toolchains/gnu_arm/4.9_2015q3/bin/../lib/gcc/arm-none-eabi/4.9.3/armv7-m\libgcc.a(bpabi.o) (__divdi3)
c:/siliconlabs/simplicitystudio/v4/developer/toolchains/gnu_arm/4.9_2015q3/bin/../lib/gcc/arm-none-eabi/4.9.3/armv7-m\libgcc.a(_udivdi3.o)
                              c:/siliconlabs/simplicitystudio/v4/developer/toolchains/gnu_arm/4.9_2015q3/bin/../lib/gcc/arm-none-eabi/4.9.3/armv7-m\libgcc.a(bpabi.o) (__udivdi3)
c:/siliconlabs/simplicitystudio/v4/developer/toolchains/gnu_arm/4.9_2015q3/bin/../lib/gcc/arm-none-eabi/4.9.3/../../../../arm-none-eabi/lib/armv7-m\libc_nano.a(lib_a-exit.o)
                              c:/siliconlabs/simplicitystudio/v4/developer/toolchains/gnu_arm/4.9_2015q3/bin/../lib/gcc/arm-none-eabi/4.9.3/../../../../arm-none-eabi/lib/armv7-m/crt0.o (exit)
c:/siliconlabs/simplicitystudio/v4/developer/toolchains/gnu_arm/4.9_2015q3/bin/../lib/gcc/arm-none-eabi/4.9.3/../../../../arm-none-eabi/lib/armv7-m\libc_nano.a(lib_a-impure.o)
                              c:/siliconlabs/simplicitystudio/v4/developer/toolchains/gnu_arm/4.9_2015q3/bin/../lib/gcc/arm-none-eabi/4.9.3/../../../../arm-none-eabi/lib/armv7-m\libc_nano.a(lib_a-exit.o) (_global_impure_ptr)
c:/siliconlabs/simplicitystudio/v4/developer/toolchains/gnu_arm/4.9_2015q3/bin/../lib/gcc/arm-none-eabi/4.9.3/../../../../arm-none-eabi/lib/armv7-m\libc_nano.a(lib_a-init.o)
                              c:/siliconlabs/simplicitystudio/v4/developer/toolchains/gnu_arm/4.9_2015q3/bin/../lib/gcc/arm-none-eabi/4.9.3/../../../../arm-none-eabi/lib/armv7-m/crt0.o (__libc_init_array)
c:/siliconlabs/simplicitystudio/v4/developer/toolchains/gnu_arm/4.9_2015q3/bin/../lib/gcc/arm-none-eabi/4.9.3/../../../../arm-none-eabi/lib/armv7-m\libc_nano.a(lib_a-memset.o)
                              c:/siliconlabs/simplicitystudio/v4/developer/toolchains/gnu_arm/4.9_2015q3/bin/../lib/gcc/arm-none-eabi/4.9.3/../../../../arm-none-eabi/lib/armv7-m/crt0.o (memset)
c:/siliconlabs/simplicitystudio/v4/developer/toolchains/gnu_arm/4.9_2015q3/bin/../lib/gcc/arm-none-eabi/4.9.3/../../../../arm-none-eabi/lib/armv7-m\libnosys.a(_exit.o)
                              c:/siliconlabs/simplicitystudio/v4/developer/toolchains/gnu_arm/4.9_2015q3/bin/../lib/gcc/arm-none-eabi/4.9.3/../../../../arm-none-eabi/lib/armv7-m\libc_nano.a(lib_a-exit.o) (_exit)

Allocating common symbols
Common symbol       size              file

Prescaled_two_power
                    0x4               ./src/main.o
SystemCoreClock     0x4               ./CMSIS/EFM32LG/system_efm32lg.o
Desired_Period      0x4               ./src/main.o
[...]
Memory Configuration

Name             Origin             Length             Attributes
FLASH            0x00000000         0x00040000         xr
RAM              0x20000000         0x00008000         xrw
*default*        0x00000000         0xffffffff

Linker script and memory map

LOAD c:/siliconlabs/simplicitystudio/v4/developer/toolchains/gnu_arm/4.9_2015q3/bin/../lib/gcc/arm-none-eabi/4.9.3/armv7-m/crti.o
LOAD c:/siliconlabs/simplicitystudio/v4/developer/toolchains/gnu_arm/4.9_2015q3/bin/../lib/gcc/arm-none-eabi/4.9.3/armv7-m/crtbegin.o
LOAD c:/siliconlabs/simplicitystudio/v4/developer/toolchains/gnu_arm/4.9_2015q3/bin/../lib/gcc/arm-none-eabi/4.9.3/../../../../arm-none-eabi/lib/armv7-m/crt0.o
LOAD ./CMSIS/EFM32LG/startup_efm32lg.o
LOAD ./CMSIS/EFM32LG/system_efm32lg.o
LOAD ./emlib/em_acmp.o
LOAD ./emlib/em_adc.o
LOAD ./emlib/em_aes.o
LOAD ./emlib/em_assert.o
LOAD ./emlib/em_burtc.o
LOAD ./emlib/em_cmu.o
LOAD ./emlib/em_core.o
LOAD ./emlib/em_cryotimer.o
LOAD ./emlib/em_crypto.o
LOAD ./emlib/em_dac.o
LOAD ./emlib/em_dbg.o
LOAD ./emlib/em_dma.o
LOAD ./emlib/em_ebi.o
LOAD ./emlib/em_emu.o
LOAD ./emlib/em_gpcrc.o
LOAD ./emlib/em_gpio.o
LOAD ./emlib/em_i2c.o
LOAD ./emlib/em_idac.o
LOAD ./emlib/em_int.o
LOAD ./emlib/em_lcd.o
LOAD ./emlib/em_ldma.o
LOAD ./emlib/em_lesense.o
LOAD ./emlib/em_letimer.o
LOAD ./emlib/em_leuart.o
LOAD ./emlib/em_mpu.o
LOAD ./emlib/em_msc.o
LOAD ./emlib/em_opamp.o
LOAD ./emlib/em_pcnt.o
LOAD ./emlib/em_prs.o
LOAD ./emlib/em_rmu.o
LOAD ./emlib/em_rtc.o
LOAD ./emlib/em_rtcc.o
LOAD ./emlib/em_system.o
LOAD ./emlib/em_timer.o
LOAD ./emlib/em_usart.o
LOAD ./emlib/em_vcmp.o
LOAD ./emlib/em_wdog.o
LOAD ./src/bme280.o
LOAD ./src/bme280_support.o
LOAD ./src/main.o
START GROUP
LOAD c:/siliconlabs/simplicitystudio/v4/developer/toolchains/gnu_arm/4.9_2015q3/bin/../lib/gcc/arm-none-eabi/4.9.3/armv7-m\libgcc.a
LOAD c:/siliconlabs/simplicitystudio/v4/developer/toolchains/gnu_arm/4.9_2015q3/bin/../lib/gcc/arm-none-eabi/4.9.3/../../../../arm-none-eabi/lib/armv7-m\libc_nano.a
LOAD c:/siliconlabs/simplicitystudio/v4/developer/toolchains/gnu_arm/4.9_2015q3/bin/../lib/gcc/arm-none-eabi/4.9.3/../../../../arm-none-eabi/lib/armv7-m\libnosys.a
END GROUP
START GROUP
LOAD c:/siliconlabs/simplicitystudio/v4/developer/toolchains/gnu_arm/4.9_2015q3/bin/../lib/gcc/arm-none-eabi/4.9.3/armv7-m\libgcc.a
LOAD c:/siliconlabs/simplicitystudio/v4/developer/toolchains/gnu_arm/4.9_2015q3/bin/../lib/gcc/arm-none-eabi/4.9.3/../../../../arm-none-eabi/lib/armv7-m\libg_nano.a
LOAD c:/siliconlabs/simplicitystudio/v4/developer/toolchains/gnu_arm/4.9_2015q3/bin/../lib/gcc/arm-none-eabi/4.9.3/../../../../arm-none-eabi/lib/armv7-m\libc_nano.a
END GROUP
START GROUP
LOAD c:/siliconlabs/simplicitystudio/v4/developer/toolchains/gnu_arm/4.9_2015q3/bin/../lib/gcc/arm-none-eabi/4.9.3/armv7-m\libgcc.a
LOAD c:/siliconlabs/simplicitystudio/v4/developer/toolchains/gnu_arm/4.9_2015q3/bin/../lib/gcc/arm-none-eabi/4.9.3/../../../../arm-none-eabi/lib/armv7-m\libc_nano.a
END GROUP
LOAD c:/siliconlabs/simplicitystudio/v4/developer/toolchains/gnu_arm/4.9_2015q3/bin/../lib/gcc/arm-none-eabi/4.9.3/armv7-m/crtend.o
LOAD c:/siliconlabs/simplicitystudio/v4/developer/toolchains/gnu_arm/4.9_2015q3/bin/../lib/gcc/arm-none-eabi/4.9.3/armv7-m/crtn.o

.text           0x00000000     0x1a88
 *(.vectors)
 .vectors       0x00000000       0xe0 ./CMSIS/EFM32LG/startup_efm32lg.o
                0x00000000                __Vectors
                0x000000e0                __Vectors_End = .
                0x000000e0                __Vectors_Size = (__Vectors_End - __Vectors)
                0x000000e0                __end__ = .
 *(.text*)
 .text          0x000000e0       0x5c c:/siliconlabs/simplicitystudio/v4/developer/toolchains/gnu_arm/4.9_2015q3/bin/../lib/gcc/arm-none-eabi/4.9.3/armv7-m/crtbegin.o
 .text          0x0000013c       0x74 c:/siliconlabs/simplicitystudio/v4/developer/toolchains/gnu_arm/4.9_2015q3/bin/../lib/gcc/arm-none-eabi/4.9.3/../../../../arm-none-eabi/lib/armv7-m/crt0.o
                0x0000013c                _start
                0x0000013c                _mainCRTStartup
 .text          0x000001b0       0x30 ./CMSIS/EFM32LG/startup_efm32lg.o
                0x000001b0                Reset_Handler
                0x000001dc                DebugMon_Handler
                0x000001dc                USART0_TX_IRQHandler
                0x000001dc                I2C0_IRQHandler
                0x000001dc                HardFault_Handler
                0x000001dc                LEUART1_IRQHandler
                0x000001dc                SysTick_Handler
                0x000001dc                USART1_RX_IRQHandler
                0x000001dc                PendSV_Handler
                0x000001dc                NMI_Handler
                0x000001dc                I2C1_IRQHandler
                0x000001dc                TIMER3_IRQHandler
                0x000001dc                USART1_TX_IRQHandler
                0x000001dc                MSC_IRQHandler
                0x000001dc                ADC0_IRQHandler
                0x000001dc                UsageFault_Handler
                0x000001dc                LEUART0_IRQHandler
                0x000001dc                GPIO_EVEN_IRQHandler
                0x000001dc                UART0_TX_IRQHandler
                0x000001dc                UART1_TX_IRQHandler
                0x000001dc                RTC_IRQHandler
                0x000001dc                TIMER2_IRQHandler
                0x000001dc                LCD_IRQHandler
                0x000001dc                PCNT2_IRQHandler
                0x000001dc                UART0_RX_IRQHandler
                0x000001dc                TIMER1_IRQHandler
                0x000001dc                USART2_RX_IRQHandler
                0x000001dc                Default_Handler
                0x000001dc                EMU_IRQHandler
                0x000001dc                PCNT0_IRQHandler
                0x000001dc                USB_IRQHandler
                0x000001dc                BURTC_IRQHandler
                0x000001dc                PCNT1_IRQHandler
                0x000001dc                ACMP0_IRQHandler
                0x000001dc                USART0_RX_IRQHandler
                0x000001dc                MemManage_Handler
                0x000001dc                SVC_Handler
                0x000001dc                DAC0_IRQHandler
                0x000001dc                UART1_RX_IRQHandler
                0x000001dc                CMU_IRQHandler
                0x000001dc                EBI_IRQHandler
                0x000001dc                LESENSE_IRQHandler
                0x000001dc                GPIO_ODD_IRQHandler
                0x000001dc                AES_IRQHandler
                0x000001dc                VCMP_IRQHandler
                0x000001dc                BusFault_Handler
                0x000001dc                USART2_TX_IRQHandler
 .text.GetProdRev
                0x000001e0       0x1c ./CMSIS/EFM32LG/system_efm32lg.o
 .text.SystemCoreClockGet
                0x000001fc       0x34 ./CMSIS/EFM32LG/system_efm32lg.o
                0x000001fc                SystemCoreClockGet
 .text.SystemMaxCoreClockGet
                0x00000230       0x14 ./CMSIS/EFM32LG/system_efm32lg.o
                0x00000230                SystemMaxCoreClockGet
 .text.SystemHFClockGet
                0x00000244      0x100 ./CMSIS/EFM32LG/system_efm32lg.o
                0x00000244                SystemHFClockGet
 .text.SystemHFXOClockGet
                0x00000344       0x18 ./CMSIS/EFM32LG/system_efm32lg.o
                0x00000344                SystemHFXOClockGet
 .text.SystemInit
                0x0000035c        0xc ./CMSIS/EFM32LG/system_efm32lg.o
                0x0000035c                SystemInit
 .text.SystemLFRCOClockGet
                0x00000368       0x14 ./CMSIS/EFM32LG/system_efm32lg.o
                0x00000368                SystemLFRCOClockGet
 .text.SystemULFRCOClockGet
                0x0000037c       0x14 ./CMSIS/EFM32LG/system_efm32lg.o
                0x0000037c                SystemULFRCOClockGet
 .text.SystemLFXOClockGet
                0x00000390       0x18 ./CMSIS/EFM32LG/system_efm32lg.o
                0x00000390                SystemLFXOClockGet
 .text.BUS_RegBitWrite
                0x000003a8       0x2c ./emlib/em_cmu.o
 .text.BUS_RegBitRead
                0x000003d4       0x2c ./emlib/em_cmu.o
 .text.CMU_DivToLog2
                0x00000400       0x34 ./emlib/em_cmu.o
 .text.SYSTEM_GetProdRev
                0x00000434       0x1c ./emlib/em_cmu.o
 .text.SYSTEM_GetFamily
                0x00000450       0x20 ./emlib/em_cmu.o
 .text.maxFreqHfle
                0x00000470       0x78 ./emlib/em_cmu.o
 .text.setHfLeConfig
                0x000004e8       0x3c ./emlib/em_cmu.o
 .text.getHfLeConfig
                0x00000524       0x2c ./emlib/em_cmu.o
 .text.auxClkGet
                0x00000550       0xb0 ./emlib/em_cmu.o
 .text.dbgClkGet
                0x00000600       0x40 ./emlib/em_cmu.o
 .text.flashWaitStateControl
                0x00000640       0xb8 ./emlib/em_cmu.o
 .text.flashWaitStateMax
                0x000006f8       0x14 ./emlib/em_cmu.o
 .text.lfClkGet
                0x0000070c       0xec ./emlib/em_cmu.o
 .text.syncReg  0x000007f8       0x34 ./emlib/em_cmu.o
 .text.usbCClkGet
                0x0000082c       0x4c ./emlib/em_cmu.o
 .text.CMU_ClockEnable
                0x00000878       0xd8 ./emlib/em_cmu.o
                0x00000878                CMU_ClockEnable
 .text.CMU_ClockFreqGet
                0x00000950      0x1d8 ./emlib/em_cmu.o
                0x00000950                CMU_ClockFreqGet
 .text.CMU_ClockSelectGet
                0x00000b28      0x15c ./emlib/em_cmu.o
                0x00000b28                CMU_ClockSelectGet
 .text.CMU_ClockSelectSet
                0x00000c84      0x2b8 ./emlib/em_cmu.o
                0x00000c84                CMU_ClockSelectSet
 .text.CMU_OscillatorEnable
                0x00000f3c       0xc0 ./emlib/em_cmu.o
                0x00000f3c                CMU_OscillatorEnable
 .text.DMA_IRQHandler
                0x00000ffc       0xd8 ./emlib/em_dma.o
                0x00000ffc                DMA_IRQHandler
 .text.EMU_UpdateOscConfig
                0x000010d4       0x1c ./emlib/em_emu.o
                0x000010d4                EMU_UpdateOscConfig
 .text.GPIO_PinOutClear
                0x000010f0       0x58 ./emlib/em_gpio.o
 .text.GPIO_PinOutSet
                0x00001148       0x58 ./emlib/em_gpio.o
 .text.GPIO_PinModeSet
                0x000011a0      0x10c ./emlib/em_gpio.o
                0x000011a0                GPIO_PinModeSet
 .text.SYSTEM_ChipRevisionGet
                0x000012ac       0x74 ./emlib/em_system.o
                0x000012ac                SYSTEM_ChipRevisionGet
 .text.TIMER_Init
                0x00001320      0x10c ./emlib/em_timer.o
                0x00001320                TIMER_Init
 .text.TIMER_InitCC
                0x0000142c       0xcc ./emlib/em_timer.o
                0x0000142c                TIMER_InitCC
 .text.NVIC_EnableIRQ
                0x000014f8       0x30 ./src/main.o
 .text.GPIO_PinOutClear
                0x00001528       0x58 ./src/main.o
 .text.GPIO_PinOutSet
                0x00001580       0x58 ./src/main.o
 .text.CHIP_Init
                0x000015d8       0x40 ./src/main.o
 .text.INT_Disable
                0x00001618       0x2c ./src/main.o
 .text.INT_Enable
                0x00001644       0x3c ./src/main.o
 .text.LETIMER_IntClear
                0x00001680       0x1c ./src/main.o
 .text.LETIMER_IntGet
                0x0000169c       0x18 ./src/main.o
 .text.TIMER_CaptureGet
                0x000016b4       0x24 ./src/main.o
 .text.TIMER_CompareBufSet
                0x000016d8       0x24 ./src/main.o
 .text.TIMER_IntClear
                0x000016fc       0x1c ./src/main.o
 .text.TIMER_IntEnable
                0x00001718       0x20 ./src/main.o
 .text.TIMER_TopGet
                0x00001738       0x18 ./src/main.o
 .text.TIMER_TopSet
                0x00001750       0x1c ./src/main.o
 .text.GPIO_LedsInit
                0x0000176c       0x38 ./src/main.o
                0x0000176c                GPIO_LedsInit
 .text.Turn_on_LED
                0x000017a4       0x28 ./src/main.o
                0x000017a4                Turn_on_LED
 .text.Turn_off_LED
                0x000017cc       0x28 ./src/main.o
                0x000017cc                Turn_off_LED
 .text.CLOCK    0x000017f4       0x34 ./src/main.o
                0x000017f4                CLOCK
 .text.LETIMER0_IRQHandler
                0x00001828       0x78 ./src/main.o
                0x00001828                LETIMER0_IRQHandler
 .text.TimerSetup
                0x000018a0       0xbc ./src/main.o
                0x000018a0                TimerSetup
 .text.TIMER0_IRQHandler
                0x0000195c       0x50 ./src/main.o
                0x0000195c                TIMER0_IRQHandler
 .text.main     0x000019ac       0x18 ./src/main.o
                0x000019ac                main
 .text.exit     0x000019c4       0x28 c:/siliconlabs/simplicitystudio/v4/developer/toolchains/gnu_arm/4.9_2015q3/bin/../lib/gcc/arm-none-eabi/4.9.3/../../../../arm-none-eabi/lib/armv7-m\libc_nano.a(lib_a-exit.o)
                0x000019c4                exit
 .text.__libc_init_array
                0x000019ec       0x4c c:/siliconlabs/simplicitystudio/v4/developer/toolchains/gnu_arm/4.9_2015q3/bin/../lib/gcc/arm-none-eabi/4.9.3/../../../../arm-none-eabi/lib/armv7-m\libc_nano.a(lib_a-init.o)
                0x000019ec                __libc_init_array
 .text.memset   0x00001a38       0x10 c:/siliconlabs/simplicitystudio/v4/developer/toolchains/gnu_arm/4.9_2015q3/bin/../lib/gcc/arm-none-eabi/4.9.3/../../../../arm-none-eabi/lib/armv7-m\libc_nano.a(lib_a-memset.o)
                0x00001a38                memset
 .text._exit    0x00001a48        0x4 c:/siliconlabs/simplicitystudio/v4/developer/toolchains/gnu_arm/4.9_2015q3/bin/../lib/gcc/arm-none-eabi/4.9.3/../../../../arm-none-eabi/lib/armv7-m\libnosys.a(_exit.o)
                0x00001a48                _exit
 *(.init)
 .init          0x00001a4c        0x4 c:/siliconlabs/simplicitystudio/v4/developer/toolchains/gnu_arm/4.9_2015q3/bin/../lib/gcc/arm-none-eabi/4.9.3/armv7-m/crti.o
                0x00001a4c                _init
 .init          0x00001a50        0x8 c:/siliconlabs/simplicitystudio/v4/developer/toolchains/gnu_arm/4.9_2015q3/bin/../lib/gcc/arm-none-eabi/4.9.3/armv7-m/crtn.o
 *(.fini)
 .fini          0x00001a58        0x4 c:/siliconlabs/simplicitystudio/v4/developer/toolchains/gnu_arm/4.9_2015q3/bin/../lib/gcc/arm-none-eabi/4.9.3/armv7-m/crti.o
                0x00001a58                _fini
 .fini          0x00001a5c        0x8 c:/siliconlabs/simplicitystudio/v4/developer/toolchains/gnu_arm/4.9_2015q3/bin/../lib/gcc/arm-none-eabi/4.9.3/armv7-m/crtn.o
 *crtbegin.o(.ctors)
 *crtbegin?.o(.ctors)
 *(EXCLUDE_FILE(*crtend.o *crtend?.o) .ctors)
 *(SORT(.ctors.*))
 *(.ctors)
 *crtbegin.o(.dtors)
 *crtbegin?.o(.dtors)
 *(EXCLUDE_FILE(*crtend.o *crtend?.o) .dtors)
 *(SORT(.dtors.*))
 *(.dtors)
 *(.rodata*)
 .rodata        0x00001a64       0x17 ./src/main.o
 .rodata.str1.1
                0x00001a7b        0x2 c:/siliconlabs/simplicitystudio/v4/developer/toolchains/gnu_arm/4.9_2015q3/bin/../lib/gcc/arm-none-eabi/4.9.3/../../../../arm-none-eabi/lib/armv7-m\libc_nano.a(lib_a-impure.o)
 *fill*         0x00001a7d        0x3 
 .rodata._global_impure_ptr
                0x00001a80        0x4 c:/siliconlabs/simplicitystudio/v4/developer/toolchains/gnu_arm/4.9_2015q3/bin/../lib/gcc/arm-none-eabi/4.9.3/../../../../arm-none-eabi/lib/armv7-m\libc_nano.a(lib_a-impure.o)
                0x00001a80                _global_impure_ptr
 *(.eh_frame*)
 .eh_frame      0x00001a84        0x0 c:/siliconlabs/simplicitystudio/v4/developer/toolchains/gnu_arm/4.9_2015q3/bin/../lib/gcc/arm-none-eabi/4.9.3/armv7-m/crtbegin.o
 .eh_frame      0x00001a84        0x4 c:/siliconlabs/simplicitystudio/v4/developer/toolchains/gnu_arm/4.9_2015q3/bin/../lib/gcc/arm-none-eabi/4.9.3/armv7-m/crtend.o

.glue_7         0x00001a88        0x0
 .glue_7        0x00000000        0x0 linker stubs

.glue_7t        0x00001a88        0x0
 .glue_7t       0x00000000        0x0 linker stubs

.vfp11_veneer   0x00001a88        0x0
 .vfp11_veneer  0x00000000        0x0 linker stubs

.v4_bx          0x00001a88        0x0
 .v4_bx         0x00000000        0x0 linker stubs

.iplt           0x00001a88        0x0
 .iplt          0x00000000        0x0 c:/siliconlabs/simplicitystudio/v4/developer/toolchains/gnu_arm/4.9_2015q3/bin/../lib/gcc/arm-none-eabi/4.9.3/armv7-m/crtbegin.o

.ARM.extab
 *(.ARM.extab* .gnu.linkonce.armextab.*)
                0x00001a88                __exidx_start = .

.ARM.exidx      0x00001a88        0x8
 *(.ARM.exidx* .gnu.linkonce.armexidx.*)
 .ARM.exidx     0x00001a88        0x8 c:/siliconlabs/simplicitystudio/v4/developer/toolchains/gnu_arm/4.9_2015q3/bin/../lib/gcc/arm-none-eabi/4.9.3/../../../../arm-none-eabi/lib/armv7-m/crt0.o
                0x00001a90                __exidx_end = .
                0x00001a90                __etext = .

.rel.dyn        0x00001a90        0x0
 .rel.iplt      0x00000000        0x0 c:/siliconlabs/simplicitystudio/v4/developer/toolchains/gnu_arm/4.9_2015q3/bin/../lib/gcc/arm-none-eabi/4.9.3/armv7-m/crtbegin.o

.data           0x20000000       0x78 load address 0x00001a90
                0x20000000                __data_start__ = .
 *(vtable)
 *(.data*)
 .data.SystemHFXOClock
                0x20000000        0x4 ./CMSIS/EFM32LG/system_efm32lg.o
 .data.SystemLFXOClock
                0x20000004        0x4 ./CMSIS/EFM32LG/system_efm32lg.o
 .data.pwmCapValue
                0x20000008        0x2 ./src/main.o
                0x20000008                pwmCapValue
 *fill*         0x2000000a        0x2 
 .data.impure_data
                0x2000000c       0x60 c:/siliconlabs/simplicitystudio/v4/developer/toolchains/gnu_arm/4.9_2015q3/bin/../lib/gcc/arm-none-eabi/4.9.3/../../../../arm-none-eabi/lib/armv7-m\libc_nano.a(lib_a-impure.o)
                0x2000006c                . = ALIGN (0x4)
 *(.ram)
                0x2000006c                . = ALIGN (0x4)
                0x2000006c                PROVIDE (__preinit_array_start, .)
 *(.preinit_array)
                0x2000006c                PROVIDE (__preinit_array_end, .)
                0x2000006c                . = ALIGN (0x4)
                0x2000006c                PROVIDE (__init_array_start, .)
 *(SORT(.init_array.*))
 *(.init_array)
 .init_array    0x2000006c        0x4 c:/siliconlabs/simplicitystudio/v4/developer/toolchains/gnu_arm/4.9_2015q3/bin/../lib/gcc/arm-none-eabi/4.9.3/armv7-m/crtbegin.o
                0x20000070                PROVIDE (__init_array_end, .)
                0x20000070                . = ALIGN (0x4)
                0x20000070                PROVIDE (__fini_array_start, .)
 *(SORT(.fini_array.*))
 *(.fini_array)
 .fini_array    0x20000070        0x4 c:/siliconlabs/simplicitystudio/v4/developer/toolchains/gnu_arm/4.9_2015q3/bin/../lib/gcc/arm-none-eabi/4.9.3/armv7-m/crtbegin.o
                0x20000074                PROVIDE (__fini_array_end, .)
 *(.jcr*)
 .jcr           0x20000074        0x0 c:/siliconlabs/simplicitystudio/v4/developer/toolchains/gnu_arm/4.9_2015q3/bin/../lib/gcc/arm-none-eabi/4.9.3/armv7-m/crtbegin.o
 .jcr           0x20000074        0x4 c:/siliconlabs/simplicitystudio/v4/developer/toolchains/gnu_arm/4.9_2015q3/bin/../lib/gcc/arm-none-eabi/4.9.3/armv7-m/crtend.o
                0x20000078                . = ALIGN (0x4)
                0x20000078                __data_end__ = .

.igot.plt       0x20000078        0x0 load address 0x00001b08
 .igot.plt      0x00000000        0x0 c:/siliconlabs/simplicitystudio/v4/developer/toolchains/gnu_arm/4.9_2015q3/bin/../lib/gcc/arm-none-eabi/4.9.3/armv7-m/crtbegin.o

.bss            0x20000078       0x28 load address 0x00001b08
                0x20000078                . = ALIGN (0x4)
                0x20000078                __bss_start__ = .
 *(.bss*)
 .bss           0x20000078       0x1c c:/siliconlabs/simplicitystudio/v4/developer/toolchains/gnu_arm/4.9_2015q3/bin/../lib/gcc/arm-none-eabi/4.9.3/armv7-m/crtbegin.o
 .bss.cmuStatus
                0x20000094        0x4 ./emlib/em_emu.o
 .bss.INT_LockCnt
                0x20000098        0x4 ./emlib/em_int.o
                0x20000098                INT_LockCnt
 *(COMMON)
 COMMON         0x2000009c        0x4 ./CMSIS/EFM32LG/system_efm32lg.o
                0x2000009c                SystemCoreClock
                0x200000a0                . = ALIGN (0x4)
                0x200000a0                __bss_end__ = .

.heap           0x200000a0      0xc00
                0x200000a0                __HeapBase = .
                0x200000a0                __end__ = .
                0x200000a0                end = __end__
                0x200000a0                _end = __end__
 *(.heap*)
 .heap          0x200000a0      0xc00 ./CMSIS/EFM32LG/startup_efm32lg.o
                0x20000ca0                __HeapLimit = .

.stack_dummy    0x200000a0      0x400
 *(.stack*)
 .stack         0x200000a0      0x400 ./CMSIS/EFM32LG/startup_efm32lg.o
                0x20008000                __StackTop = (ORIGIN (RAM) + 0x8000)
                0x20007c00                __StackLimit = (__StackTop - SIZEOF (.stack_dummy))
                0x20008000                PROVIDE (__stack, __StackTop)
                0x00000001                ASSERT ((__StackLimit >= __HeapLimit), region RAM overflowed with stack)
                0x00000001                ASSERT ((0x40000 >= (__etext + SIZEOF (.data))), FLASH memory overflowed !)
OUTPUT(iotFinal.axf elf32-littlearm)

.ARM.attributes
                0x00000000       0x29
 .ARM.attributes
                0x00000000       0x1d c:/siliconlabs/simplicitystudio/v4/developer/toolchains/gnu_arm/4.9_2015q3/bin/../lib/gcc/arm-none-eabi/4.9.3/armv7-m/crti.o
 .ARM.attributes
                0x0000001d       0x2d c:/siliconlabs/simplicitystudio/v4/developer/toolchains/gnu_arm/4.9_2015q3/bin/../lib/gcc/arm-none-eabi/4.9.3/armv7-m/crtbegin.o
 .ARM.attributes
                0x0000004a       0x1b c:/siliconlabs/simplicitystudio/v4/developer/toolchains/gnu_arm/4.9_2015q3/bin/../lib/gcc/arm-none-eabi/4.9.3/../../../../arm-none-eabi/lib/armv7-m/crt0.o
 .ARM.attributes
                0x00000065       0x1b ./CMSIS/EFM32LG/startup_efm32lg.o
 .ARM.attributes
                0x00000080       0x33 ./CMSIS/EFM32LG/system_efm32lg.o
 .ARM.attributes
                0x000000b3       0x33 ./emlib/em_cmu.o
 .ARM.attributes
                0x000000e6       0x33 ./emlib/em_dma.o
 .ARM.attributes
                0x00000119       0x33 ./emlib/em_emu.o
 .ARM.attributes
                0x0000014c       0x33 ./emlib/em_gpio.o
 .ARM.attributes
                0x0000017f       0x33 ./emlib/em_int.o
 .ARM.attributes
                0x000001b2       0x33 ./emlib/em_system.o
 .ARM.attributes
                0x000001e5       0x33 ./emlib/em_timer.o
 .ARM.attributes
                0x00000218       0x33 ./src/main.o
 .ARM.attributes
                0x0000024b       0x2d c:/siliconlabs/simplicitystudio/v4/developer/toolchains/gnu_arm/4.9_2015q3/bin/../lib/gcc/arm-none-eabi/4.9.3/../../../../arm-none-eabi/lib/armv7-m\libc_nano.a(lib_a-exit.o)
 .ARM.attributes
                0x00000278       0x2d c:/siliconlabs/simplicitystudio/v4/developer/toolchains/gnu_arm/4.9_2015q3/bin/../lib/gcc/arm-none-eabi/4.9.3/../../../../arm-none-eabi/lib/armv7-m\libc_nano.a(lib_a-impure.o)
 .ARM.attributes
                0x000002a5       0x2d c:/siliconlabs/simplicitystudio/v4/developer/toolchains/gnu_arm/4.9_2015q3/bin/../lib/gcc/arm-none-eabi/4.9.3/../../../../arm-none-eabi/lib/armv7-m\libc_nano.a(lib_a-init.o)
 .ARM.attributes
                0x000002d2       0x2d c:/siliconlabs/simplicitystudio/v4/developer/toolchains/gnu_arm/4.9_2015q3/bin/../lib/gcc/arm-none-eabi/4.9.3/../../../../arm-none-eabi/lib/armv7-m\libc_nano.a(lib_a-memset.o)
 .ARM.attributes
                0x000002ff       0x2d c:/siliconlabs/simplicitystudio/v4/developer/toolchains/gnu_arm/4.9_2015q3/bin/../lib/gcc/arm-none-eabi/4.9.3/../../../../arm-none-eabi/lib/armv7-m\libnosys.a(_exit.o)
 .ARM.attributes
                0x0000032c       0x2d c:/siliconlabs/simplicitystudio/v4/developer/toolchains/gnu_arm/4.9_2015q3/bin/../lib/gcc/arm-none-eabi/4.9.3/armv7-m/crtend.o
 .ARM.attributes
                0x00000359       0x1d c:/siliconlabs/simplicitystudio/v4/developer/toolchains/gnu_arm/4.9_2015q3/bin/../lib/gcc/arm-none-eabi/4.9.3/armv7-m/crtn.o

.comment        0x00000000       0x70
 .comment       0x00000000       0x70 ./CMSIS/EFM32LG/system_efm32lg.o
                                 0x71 (size before relaxing)
 .comment       0x00000000       0x71 ./emlib/em_cmu.o
 .comment       0x00000000       0x71 ./emlib/em_dma.o
 .comment       0x00000000       0x71 ./emlib/em_emu.o
 .comment       0x00000000       0x71 ./emlib/em_gpio.o
 .comment       0x00000000       0x71 ./emlib/em_int.o
 .comment       0x00000000       0x71 ./emlib/em_system.o
 .comment       0x00000000       0x71 ./emlib/em_timer.o
 .comment       0x00000000       0x71 ./src/main.o

.debug_line     0x00000000     0x2dfe
 .debug_line    0x00000000       0xcd ./CMSIS/EFM32LG/startup_efm32lg.o
 .debug_line    0x000000cd      0x377 ./CMSIS/EFM32LG/system_efm32lg.o
 .debug_line    0x00000444      0x9ff ./emlib/em_cmu.o
 .debug_line    0x00000e43      0x56f ./emlib/em_dma.o
 .debug_line    0x000013b2      0x536 ./emlib/em_emu.o
 .debug_line    0x000018e8      0x45a ./emlib/em_gpio.o
 .debug_line    0x00001d42      0x187 ./emlib/em_int.o
 .debug_line    0x00001ec9      0x2f8 ./emlib/em_system.o
 .debug_line    0x000021c1      0x570 ./emlib/em_timer.o
 .debug_line    0x00002731      0x6cd ./src/main.o

.debug_info     0x00000000     0x66f2
 .debug_info    0x00000000       0xf7 ./CMSIS/EFM32LG/startup_efm32lg.o
 .debug_info    0x000000f7      0x57e ./CMSIS/EFM32LG/system_efm32lg.o
 .debug_info    0x00000675     0x13bd ./emlib/em_cmu.o
 .debug_info    0x00001a32     0x12e9 ./emlib/em_dma.o
 .debug_info    0x00002d1b      0xdb2 ./emlib/em_emu.o
 .debug_info    0x00003acd      0x65e ./emlib/em_gpio.o
 .debug_info    0x0000412b       0xbc ./emlib/em_int.o
 .debug_info    0x000041e7      0x269 ./emlib/em_system.o
 .debug_info    0x00004450      0x8e3 ./emlib/em_timer.o
 .debug_info    0x00004d33     0x19bf ./src/main.o

.debug_abbrev   0x00000000     0x1090
 .debug_abbrev  0x00000000       0x14 ./CMSIS/EFM32LG/startup_efm32lg.o
 .debug_abbrev  0x00000014      0x16b ./CMSIS/EFM32LG/system_efm32lg.o
 .debug_abbrev  0x0000017f      0x2e0 ./emlib/em_cmu.o
 .debug_abbrev  0x0000045f      0x23b ./emlib/em_dma.o
 .debug_abbrev  0x0000069a      0x254 ./emlib/em_emu.o
 .debug_abbrev  0x000008ee      0x1cf ./emlib/em_gpio.o
 .debug_abbrev  0x00000abd       0x5c ./emlib/em_int.o
 .debug_abbrev  0x00000b19       0xde ./emlib/em_system.o
 .debug_abbrev  0x00000bf7      0x19b ./emlib/em_timer.o
 .debug_abbrev  0x00000d92      0x2fe ./src/main.o

.debug_aranges  0x00000000      0x570
 .debug_aranges
                0x00000000       0x20 ./CMSIS/EFM32LG/startup_efm32lg.o
 .debug_aranges
                0x00000020       0x70 ./CMSIS/EFM32LG/system_efm32lg.o
 .debug_aranges
                0x00000090      0x168 ./emlib/em_cmu.o
 .debug_aranges
                0x000001f8       0xc0 ./emlib/em_dma.o
 .debug_aranges
                0x000002b8       0xa8 ./emlib/em_emu.o
 .debug_aranges
                0x00000360       0x70 ./emlib/em_gpio.o
 .debug_aranges
                0x000003d0       0x18 ./emlib/em_int.o
 .debug_aranges
                0x000003e8       0x28 ./emlib/em_system.o
 .debug_aranges
                0x00000410       0x50 ./emlib/em_timer.o
 .debug_aranges
                0x00000460      0x110 ./src/main.o

.debug_loc      0x00000000     0x2df4
 .debug_loc     0x00000000      0x31c ./CMSIS/EFM32LG/system_efm32lg.o
 .debug_loc     0x0000031c      0xd50 ./emlib/em_cmu.o
 .debug_loc     0x0000106c      0x72c ./emlib/em_dma.o
 .debug_loc     0x00001798      0x5a0 ./emlib/em_emu.o
 .debug_loc     0x00001d38      0x3d0 ./emlib/em_gpio.o
 .debug_loc     0x00002108       0xb8 ./emlib/em_system.o
 .debug_loc     0x000021c0      0x278 ./emlib/em_timer.o
 .debug_loc     0x00002438      0x9bc ./src/main.o

.debug_ranges   0x00000000      0x4b8
 .debug_ranges  0x00000000       0x60 ./CMSIS/EFM32LG/system_efm32lg.o
 .debug_ranges  0x00000060      0x158 ./emlib/em_cmu.o
 .debug_ranges  0x000001b8       0xb0 ./emlib/em_dma.o
 .debug_ranges  0x00000268       0x98 ./emlib/em_emu.o
 .debug_ranges  0x00000300       0x60 ./emlib/em_gpio.o
 .debug_ranges  0x00000360       0x18 ./emlib/em_system.o
 .debug_ranges  0x00000378       0x40 ./emlib/em_timer.o
 .debug_ranges  0x000003b8      0x100 ./src/main.o

.debug_str      0x00000000     0x2d72
 .debug_str     0x00000000      0x43c ./CMSIS/EFM32LG/system_efm32lg.o
                                0x4c3 (size before relaxing)
 .debug_str     0x0000043c      0xc6a ./emlib/em_cmu.o
                                0xfc9 (size before relaxing)
 .debug_str     0x000010a6      0x892 ./emlib/em_dma.o
                                0xd85 (size before relaxing)
 .debug_str     0x00001938      0x47f ./emlib/em_emu.o
                                0x859 (size before relaxing)
 .debug_str     0x00001db7      0x3bb ./emlib/em_gpio.o
                                0x5fc (size before relaxing)
 .debug_str     0x00002172       0x1e ./emlib/em_int.o
                                0x1fc (size before relaxing)
 .debug_str     0x00002190       0xf7 ./emlib/em_system.o
                                0x2de (size before relaxing)
 .debug_str     0x00002287      0x73d ./emlib/em_timer.o
                                0x984 (size before relaxing)
 .debug_str     0x000029c4      0x3ae ./src/main.o
                               0x156a (size before relaxing)

.debug_frame    0x00000000     0x15e4
 .debug_frame   0x00000000      0x180 ./CMSIS/EFM32LG/system_efm32lg.o
 .debug_frame   0x00000180      0x630 ./emlib/em_cmu.o
 .debug_frame   0x000007b0      0x340 ./emlib/em_dma.o
 .debug_frame   0x00000af0      0x29c ./emlib/em_emu.o
 .debug_frame   0x00000d8c      0x1c0 ./emlib/em_gpio.o
 .debug_frame   0x00000f4c       0x60 ./emlib/em_system.o
 .debug_frame   0x00000fac      0x124 ./emlib/em_timer.o
 .debug_frame   0x000010d0      0x480 ./src/main.o
 .debug_frame   0x00001550       0x28 c:/siliconlabs/simplicitystudio/v4/developer/toolchains/gnu_arm/4.9_2015q3/bin/../lib/gcc/arm-none-eabi/4.9.3/../../../../arm-none-eabi/lib/armv7-m\libc_nano.a(lib_a-exit.o)
 .debug_frame   0x00001578       0x2c c:/siliconlabs/simplicitystudio/v4/developer/toolchains/gnu_arm/4.9_2015q3/bin/../lib/gcc/arm-none-eabi/4.9.3/../../../../arm-none-eabi/lib/armv7-m\libc_nano.a(lib_a-init.o)
 .debug_frame   0x000015a4       0x20 c:/siliconlabs/simplicitystudio/v4/developer/toolchains/gnu_arm/4.9_2015q3/bin/../lib/gcc/arm-none-eabi/4.9.3/../../../../arm-none-eabi/lib/armv7-m\libc_nano.a(lib_a-memset.o)
 .debug_frame   0x000015c4       0x20 c:/siliconlabs/simplicitystudio/v4/developer/toolchains/gnu_arm/4.9_2015q3/bin/../lib/gcc/arm-none-eabi/4.9.3/../../../../arm-none-eabi/lib/armv7-m\libnosys.a(_exit.o)
